// Jest Snapshot v1, https://goo.gl/fbAQLP

exports[`Header component 1`] = `
<header>
  <div>
     Stores Directory 
  </div>
</header>
`;
